// Jest Snapshot v1, https://goo.gl/fbAQLP

exports[`<Logout /> shallow rendering should have proper snapshot 1`] = `
<button
  className="logout-button"
  onClick={[Function]}
>
   Log Out 
</button>
`;
