// Jest Snapshot v1, https://goo.gl/fbAQLP

exports[`<Register /> shallow rendering should have proper snapshot 1`] = `
<div>
  <div
    className="form"
  >
    <form
      onSubmit={[Function]}
    >
      <input
        name="username"
        placeholder="username"
        type="text"
      />
      <input
        name="name"
        placeholder="name"
        type="text"
      />
      <input
        name="email"
        placeholder="email"
        type="text"
      />
      <input
        name="password"
        placeholder="password"
        type="text"
      />
      <button>
         Register 
      </button>
    </form>
  </div>
  <div>
     
     
  </div>
</div>
`;
